WordPress inventory
root: <wordpress-root>
version: 6.9.4
php_files: 3

syntax_surface_files:
  include_require: 1
  namespaces: 1
  imports: 1
  interfaces: 1
  traits: 1
  enums: 1
  class_extends: 1
  exceptions: 1
  closures: 1
  arrow_functions: 1

direct_settings_probe:
  command: <phpc> run <wordpress-root>/wp-settings.php
  exit: 1
  stdout_bytes: 0
  first_stderr_line: runtime error at <wordpress-root>/wp-settings.php:3:9: undefined constant ABSPATH

bootstrap_shim_probe:
  command: <phpc> run <bootstrap-shim>
  exit: 1
  stdout_bytes: 0
  first_stderr_line: runtime error at <bootstrap-shim>:9:19: unsupported call closure: anonymous function values and invocation are not implemented
