WordPress inventory
root: <wordpress-root>
version: 6.9.4
php_files: 8

syntax_surface_files:
  include_require: 4
  namespaces: 0
  imports: 0
  interfaces: 0
  traits: 0
  enums: 0
  class_extends: 0
  exceptions: 0
  closures: 0
  arrow_functions: 0

direct_settings_probe:
  command: <phpc> run <wordpress-root>/wp-settings.php
  timeout: 30s
  timed_out: no
  exit: 1
  stdout_bytes: 0
  first_stderr_line: runtime error at <wordpress-root>/wp-settings.php:3:9: undefined constant ABSPATH
  last_stderr_line: runtime error at <wordpress-root>/wp-settings.php:3:9: undefined constant ABSPATH

bootstrap_shim_probe:
  command: <phpc> run <bootstrap-shim>
  timeout: 30s
  timed_out: no
  exit: 0
  stdout_bytes: 13
  first_stderr_line: <none>
  last_stderr_line: <none>

front_controller_probe:
  command: <phpc> run <wordpress-root>/wp-blog-header.php
  timeout: 30s
  timed_out: no
  exit: 0
  stdout_bytes: 13
  first_stderr_line: <none>
  last_stderr_line: <none>
